warm persona                 in=   303 w1h=     0 read=  5746 out=  76 $0.0063 2701ms
A@16K turn1                  in= 21283 w1h=     0 read=  5746 out= 114 $0.1121 3451ms
A@16K turn2                  in= 21346 w1h=     0 read=  5746 out=  20 $0.1101 2182ms
B@16K turn1                  in=    21 w1h= 21262 read=  5746 out=  73 $0.2174 2904ms
B@16K turn2                  in=    21 w1h= 21327 read=  5746 out=  20 $0.2167 2003ms
C@16K turn1                  in=   316 w1h= 20967 read=  5746 out=  86 $0.2163 2746ms
C@16K turn2                  in=   316 w1h=    72 read= 26713 out=  57 $0.0171 2282ms
A@32K turn1                  in= 42413 w1h=     0 read=  5746 out=  27 $0.2156 2832ms
A@32K turn2                  in= 42459 w1h=     0 read=  5746 out=  27 $0.2158 3587ms
B@32K turn1                  in=    21 w1h= 42392 read=  5746 out=  50 $0.4281 3855ms
B@32K turn2                  in=    21 w1h= 42454 read=  5746 out=  38 $0.4285 2571ms
C@32K turn1                  in=   316 w1h= 21130 read= 26713 out=  32 $0.2270 3316ms
C@32K turn2                  in=   316 w1h=    51 read= 47843 out=  80 $0.0280 2888ms
A@48K turn1                  in= 60562 w1h=     0 read=  5746 out=  86 $0.3078 7429ms
A@48K turn2                  in= 60623 w1h=     0 read=  5746 out=  20 $0.3065 4835ms
B@48K turn1                  in=    21 w1h= 60541 read=  5746 out=  27 $0.6091 6435ms
B@48K turn2                  in=    21 w1h= 60587 read=  5746 out=  13 $0.6092 2770ms
C@48K turn1                  in=   316 w1h= 18149 read= 47843 out=  63 $0.2086 4846ms
C@48K turn2                  in=   316 w1h=    63 read= 65992 out=  21 $0.0357 2472ms
A@64K turn1                  in= 81954 w1h=     0 read=  5746 out=  32 $0.4134 3369ms
A@64K turn2                  in= 81996 w1h=     0 read=  5746 out=  13 $0.4132 2870ms
B@64K turn1                  in=    21 w1h= 81933 read=  5746 out=  32 $0.8231 3549ms
B@64K turn2                  in=    21 w1h= 81975 read=  5746 out=  19 $0.8232 4173ms
C@64K turn1                  in=   316 w1h= 21392 read= 65992 out=  40 $0.2495 2998ms
C@64K turn2                  in=   316 w1h=    42 read= 87384 out=  51 $0.0470 3011ms
DONE measurement cost 7.2791
