{"at_s":14.9,"kind":"cold_first_message","text":"Suggest a name for a small secondhand bookshop.","line_before_send":"Preparing the text model… A message you send now is kept and answered when it is ready.","stages_seen":["Preparing the text model — your message ","Preparing a response…"],"first_paint_s":null,"first_delta_s":14.47,"complete_s":14.7,"gateway_first_output_s":9.72,"notice":null}
{"at_s":19,"kind":"sustain_1","text":"Why that one?","line_before_send":null,"stages_seen":["Preparing a response…"],"first_paint_s":null,"first_delta_s":1.67,"complete_s":2.32,"gateway_first_output_s":1.6,"notice":null}
{"at_s":24.6,"kind":"sustain_2","text":"What is the difference between a producer and an executive producer?","line_before_send":null,"stages_seen":["Preparing a response…"],"first_paint_s":1.75,"first_delta_s":1.73,"complete_s":3.93,"gateway_first_output_s":1.65,"notice":null}
{"at_s":28.4,"kind":"sustain_3","text":"Give me a title for a film about an orchard.","line_before_send":null,"stages_seen":["Preparing a response…"],"first_paint_s":null,"first_delta_s":1.85,"complete_s":2.09,"gateway_first_output_s":1.79,"notice":null}
{"at_s":32.9,"kind":"sustain_4","text":"Which of those titles do you prefer, and why?","line_before_send":null,"stages_seen":["Preparing a response…"],"first_paint_s":null,"first_delta_s":1.69,"complete_s":2.72,"gateway_first_output_s":1.62,"notice":null}
{"at_s":38.2,"kind":"sustain_5","text":"What should I say when I answer the phone at the studio?","line_before_send":null,"stages_seen":["Preparing a response…"],"first_paint_s":1.76,"first_delta_s":1.74,"complete_s":3.65,"gateway_first_output_s":1.67,"notice":null}
{"at_s":43.9,"kind":"sustain_6","text":"How long should a cold open be?","line_before_send":null,"stages_seen":["Preparing a response…"],"first_paint_s":null,"first_delta_s":1.85,"complete_s":3.96,"gateway_first_output_s":1.78,"notice":null}
{"at_s":47.9,"kind":"sustain_7","text":"Name a famous ghost story.","line_before_send":null,"stages_seen":["Preparing a response…"],"first_paint_s":1.88,"first_delta_s":1.86,"complete_s":2.2,"gateway_first_output_s":1.78,"notice":null}
{"at_s":51.6,"kind":"sustain_8","text":"And who wrote it?","line_before_send":null,"stages_seen":["Preparing a response…"],"first_paint_s":null,"first_delta_s":1.7,"complete_s":1.88,"gateway_first_output_s":1.63,"notice":null}
{"at_s":59.2,"kind":"sustain_9","text":"Develop a short scene in prose, about two hundred words: a location scout arrives at a farm at dawn.","line_before_send":null,"stages_seen":["Preparing a response…"],"first_paint_s":null,"first_delta_s":1.74,"complete_s":5.98,"gateway_first_output_s":1.65,"notice":null}
{"at_s":64.5,"kind":"sustain_10","text":"Which line of that scene is strongest?","line_before_send":null,"stages_seen":["Preparing a response…"],"first_paint_s":null,"first_delta_s":2.09,"complete_s":3.36,"gateway_first_output_s":2.01,"notice":null}
{"at_s":68.6,"kind":"sustain_11","text":"Give me one sentence I could open tomorrow's crew meeting with.","line_before_send":null,"stages_seen":["Preparing a response…"],"first_paint_s":null,"first_delta_s":1.82,"complete_s":2.35,"gateway_first_output_s":1.74,"notice":null}
{"at_s":72.2,"kind":"sustain_12","text":"Thank you.","line_before_send":null,"stages_seen":["Preparing a response…"],"first_paint_s":null,"first_delta_s":1.78,"complete_s":1.93,"gateway_first_output_s":1.69,"notice":null}
{"at_s":97.3,"kind":"voice_ready","seconds":23.5,"label":"Voice On · Mic Listening"}
{"at_s":125,"kind":"first_after_voice","text":"What should I say if the composer calls tomorrow?","line_before_send":null,"stages_seen":["Preparing the text model — your message ","Preparing a response…"],"first_paint_s":20.89,"first_delta_s":20.87,"complete_s":23.92,"gateway_first_output_s":11.36,"notice":"⌘⇧M could not be registered: Cannot read properties of undefined (reading 'invoke')"}
{"at_s":132,"kind":"second_after_voice","text":"And if it is the producer?","line_before_send":null,"stages_seen":["Preparing a response…"],"first_paint_s":null,"first_delta_s":2.02,"complete_s":5.38,"gateway_first_output_s":1.93,"notice":"⌘⇧M could not be registered: Cannot read properties of undefined (reading 'invoke')"}
{"at_s":133.7,"kind":"deep_ticked","checked":true}
{"at_s":142,"kind":"deep_ready_after_tick","seconds":8.3}
{"at_s":162.8,"kind":"deep_1","text":"Reason it through: is it cheaper to shoot three days on location or two days on a stage that costs twice as much per day? Say what you would need to know.","line_before_send":null,"stages_seen":["Preparing a response…"],"first_paint_s":null,"first_delta_s":15.83,"complete_s":20.56,"gateway_first_output_s":15.51,"notice":"⌘⇧M could not be registered: Cannot read properties of undefined (reading 'invoke')"}
{"at_s":182.4,"kind":"deep_2","text":"Now add a generator at a fixed cost to the location. Does that change it?","line_before_send":null,"stages_seen":["Preparing a response…"],"first_paint_s":null,"first_delta_s":14.27,"complete_s":17.9,"gateway_first_output_s":14.18,"notice":"⌘⇧M could not be registered: Cannot read properties of undefined (reading 'invoke')"}
{"at_s":183.9,"kind":"deep_unticked","checked":false}
{"at_s":198,"kind":"typed_ready_after_untick","seconds":14.1}
{"at_s":203.5,"kind":"ordinary_after_deep","text":"Thank you. One more title for the orchard film, please.","line_before_send":null,"stages_seen":["Preparing a response…"],"first_paint_s":null,"first_delta_s":5,"complete_s":5.24,"gateway_first_output_s":4.9,"notice":"⌘⇧M could not be registered: Cannot read properties of undefined (reading 'invoke')"}
{"at_s":234.1,"kind":"deep_sent_at_once","text":"Reason carefully: what are the risks of a night shoot with one generator?","line_before_send":"The deep-reasoning model is not loaded; your next message will prepare it first.","stages_seen":["Preparing the text model — your message ","Preparing a response…"],"first_paint_s":null,"first_delta_s":19.45,"complete_s":28.92,"gateway_first_output_s":15.53,"notice":"⌘⇧M could not be registered: Cannot read properties of undefined (reading 'invoke')"}
{"at_s":254.4,"kind":"ordinary_sent_at_once","text":"And a short toast for the wrap dinner, please.","line_before_send":"The text model is not loaded; your next message will prepare it first.","stages_seen":["Preparing the text model — your message ","Preparing a response…"],"first_paint_s":null,"first_delta_s":17.74,"complete_s":18.5,"gateway_first_output_s":14.09,"notice":"⌘⇧M could not be registered: Cannot read properties of undefined (reading 'invoke')"}
{"at_s":263.1,"kind":"ordinary_next","text":"Shorter.","line_before_send":null,"stages_seen":["Preparing a response…"],"first_paint_s":null,"first_delta_s":5.46,"complete_s":6.94,"gateway_first_output_s":5.37,"notice":"⌘⇧M could not be registered: Cannot read properties of undefined (reading 'invoke')"}
