=== DT1 20:10:47 commit 9917623 dirty=0
{"at_s":15.7,"kind":"cold_first_message","text":"Suggest a name for a small secondhand bookshop.","line_before_send":"Preparing the text model… A message you send now is kept and answered when it is ready.","stages_seen":["Preparing a response…"],"first_paint_s":null,"first_delta_s":15.08,"complete_s":15.5,"gateway_first_output_s":10.17,"notice":null}
{"at_s":19.5,"kind":"sustain_1","text":"Why that one?","line_before_send":null,"stages_seen":["Preparing a response…"],"first_paint_s":null,"first_delta_s":1.74,"complete_s":2.1,"gateway_first_output_s":1.66,"notice":null}
{"at_s":23.9,"kind":"sustain_2","text":"What is the difference between a producer and an executive producer?","line_before_send":null,"stages_seen":["Preparing a response…"],"first_paint_s":null,"first_delta_s":1.81,"complete_s":2.67,"gateway_first_output_s":1.75,"notice":null}
{"at_s":27.7,"kind":"sustain_3","text":"Give me a title for a film about an orchard.","line_before_send":null,"stages_seen":["Preparing a response…"],"first_paint_s":1.86,"first_delta_s":1.83,"complete_s":2.13,"gateway_first_output_s":1.76,"notice":null}
{"at_s":31.8,"kind":"sustain_4","text":"Which of those titles do you prefer, and why?","line_before_send":null,"stages_seen":["Preparing a response…"],"first_paint_s":null,"first_delta_s":1.72,"complete_s":2.33,"gateway_first_output_s":1.64,"notice":null}
{"at_s":35.8,"kind":"sustain_5","text":"What should I say when I answer the phone at the studio?","line_before_send":null,"stages_seen":["Preparing a response…"],"first_paint_s":1.76,"first_delta_s":1.74,"complete_s":2.09,"gateway_first_output_s":1.67,"notice":null}
{"at_s":40.5,"kind":"sustain_6","text":"How long should a cold open be?","line_before_send":null,"stages_seen":["Preparing a response…"],"first_paint_s":1.77,"first_delta_s":1.75,"complete_s":2.96,"gateway_first_output_s":1.67,"notice":null}
{"at_s":44.2,"kind":"sustain_7","text":"Name a famous ghost story.","line_before_send":null,"stages_seen":["Preparing a response…"],"first_paint_s":null,"first_delta_s":1.83,"complete_s":1.99,"gateway_first_output_s":1.75,"notice":null}
{"at_s":47.8,"kind":"sustain_8","text":"And who wrote it?","line_before_send":null,"stages_seen":["Preparing a response…"],"first_paint_s":null,"first_delta_s":1.7,"complete_s":1.88,"gateway_first_output_s":1.64,"notice":null}
{"at_s":55.5,"kind":"sustain_9","text":"Develop a short scene in prose, about two hundred words: a location scout arrives at a farm at dawn.","line_before_send":null,"stages_seen":["Preparing a response…"],"first_paint_s":null,"first_delta_s":1.75,"complete_s":5.94,"gateway_first_output_s":1.68,"notice":null}
{"at_s":60,"kind":"sustain_10","text":"Which line of that scene is strongest?","line_before_send":null,"stages_seen":["Preparing a response…"],"first_paint_s":null,"first_delta_s":2.12,"complete_s":2.8,"gateway_first_output_s":2.03,"notice":null}
{"at_s":63.9,"kind":"sustain_11","text":"Give me one sentence I could open tomorrow's crew meeting with.","line_before_send":null,"stages_seen":["Preparing a response…"],"first_paint_s":null,"first_delta_s":1.8,"complete_s":2.23,"gateway_first_output_s":1.73,"notice":null}
{"at_s":67.7,"kind":"sustain_12","text":"Thank you.","line_before_send":null,"stages_seen":["Preparing a response…"],"first_paint_s":1.82,"first_delta_s":1.8,"complete_s":1.96,"gateway_first_output_s":1.7,"notice":null}
{"at_s":92.5,"kind":"voice_ready","seconds":23.3,"label":"Voice On · Mic Listening"}
{"at_s":116.9,"kind":"first_after_voice","text":"What should I say if the composer calls tomorrow?","line_before_send":"The text model is not loaded; your next message will prepare it first.","stages_seen":["Preparing a response…"],"first_paint_s":20.28,"first_delta_s":20.25,"complete_s":20.61,"gateway_first_output_s":10.9,"notice":"⌘⇧M could not be registered: Cannot read properties of undefined (reading 'invoke')"}
{"at_s":120.7,"kind":"second_after_voice","text":"And if it is the producer?","line_before_send":null,"stages_seen":["Preparing a response…"],"first_paint_s":null,"first_delta_s":1.78,"complete_s":2.14,"gateway_first_output_s":1.7,"notice":"⌘⇧M could not be registered: Cannot read properties of undefined (reading 'invoke')"}
{"at_s":122.3,"kind":"deep_ticked","checked":true}
{"at_s":129.9,"kind":"deep_ready_after_tick","seconds":7.6}
{"at_s":147.3,"kind":"deep_1","text":"Reason it through: is it cheaper to shoot three days on location or two days on a stage that costs twice as much per day? Say what you would need to know.","line_before_send":null,"stages_seen":["Preparing a response…"],"first_paint_s":16.2,"first_delta_s":16.17,"complete_s":17.2,"gateway_first_output_s":15.86,"notice":"⌘⇧M could not be registered: Cannot read properties of undefined (reading 'invoke')"}
{"at_s":166.6,"kind":"deep_2","text":"Now add a generator at a fixed cost to the location. Does that change it?","line_before_send":null,"stages_seen":["Preparing a response…"],"first_paint_s":null,"first_delta_s":16.05,"complete_s":17.6,"gateway_first_output_s":15.96,"notice":"⌘⇧M could not be registered: Cannot read properties of undefined (reading 'invoke')"}
{"at_s":168.1,"kind":"deep_unticked","checked":false}
{"at_s":182,"kind":"typed_ready_after_untick","seconds":13.8}
{"at_s":185.8,"kind":"ordinary_after_deep","text":"Thank you. One more title for the orchard film, please.","line_before_send":null,"stages_seen":["Preparing a response…"],"first_paint_s":null,"first_delta_s":3.46,"complete_s":3.61,"gateway_first_output_s":3.37,"notice":"⌘⇧M could not be registered: Cannot read properties of undefined (reading 'invoke')"}
{"at_s":208.1,"kind":"deep_sent_at_once","text":"Reason carefully: what are the risks of a night shoot with one generator?","line_before_send":"The deep-reasoning model is not loaded; your next message will prepare it first.","stages_seen":["Preparing a response…"],"first_paint_s":null,"first_delta_s":16.11,"complete_s":20.53,"gateway_first_output_s":12.2,"notice":"⌘⇧M could not be registered: Cannot read properties of undefined (reading 'invoke')"}
{"at_s":227,"kind":"ordinary_sent_at_once","text":"And a short toast for the wrap dinner, please.","line_before_send":"The text model is not loaded; your next message will prepare it first.","stages_seen":["Preparing a response…"],"first_paint_s":null,"first_delta_s":16.41,"complete_s":17.24,"gateway_first_output_s":11.98,"notice":"⌘⇧M could not be registered: Cannot read properties of undefined (reading 'invoke')"}
{"at_s":232.9,"kind":"ordinary_next","text":"Shorter.","line_before_send":null,"stages_seen":["Preparing a response…"],"first_paint_s":null,"first_delta_s":3.7,"complete_s":4.05,"gateway_first_output_s":3.62,"notice":"⌘⇧M could not be registered: Cannot read properties of undefined (reading 'invoke')"}
DONE DT1 20:14:49
